// Vitest Snapshot v1, https://vitest.dev/guide/snapshot.html

exports[`token footprint baseline > reports per-tool and total token cost 1`] = `
{
  "combinedFixed": 35206,
  "instructionsTokens": 2552,
  "perTool": {
    "add-comments": 713,
    "add-filters": 696,
    "add-labels": 610,
    "add-projects": 822,
    "add-reminders": 1292,
    "add-sections": 328,
    "add-tasks": 1282,
    "analyze-project-health": 362,
    "complete-tasks": 345,
    "delete-object": 313,
    "fetch": 284,
    "fetch-object": 1435,
    "find-activity": 720,
    "find-comments": 794,
    "find-completed-tasks": 1472,
    "find-filters": 422,
    "find-labels": 665,
    "find-project-collaborators": 618,
    "find-projects": 699,
    "find-reminders": 669,
    "find-sections": 377,
    "find-tasks": 1162,
    "find-tasks-by-date": 1133,
    "get-overview": 974,
    "get-productivity-stats": 1469,
    "get-project-activity-stats": 443,
    "get-project-health": 1054,
    "get-workspace-insights": 586,
    "list-workspaces": 429,
    "manage-assignments": 565,
    "project-management": 518,
    "project-move": 610,
    "reorder-objects": 541,
    "reschedule-tasks": 802,
    "search": 269,
    "uncomplete-tasks": 362,
    "update-comments": 718,
    "update-filters": 770,
    "update-labels": 1025,
    "update-projects": 861,
    "update-reminders": 1130,
    "update-sections": 331,
    "update-tasks": 1306,
    "user-info": 504,
    "view-attachment": 174,
  },
  "toolCount": 45,
  "toolsListTotal": 32654,
}
`;
